// Jest Snapshot v1, https://goo.gl/fbAQLP

exports[`Placeholder Empty 1`] = `
Array [
  Object {
    "apiVersion": "elasticsearch.k8s.elastic.co/v1",
    "kind": "Elasticsearch",
    "metadata": Object {
      "name": "test-chart-elasticsearch-c819bb71",
    },
    "spec": Object {
      "http": Object {
        "service": Object {
          "spec": Object {
            "ports": Array [
              Object {
                "port": 9200,
              },
            ],
          },
        },
        "tls": Object {
          "selfSignedCertificate": Object {
            "disabled": true,
          },
        },
      },
      "nodeSets": Array [
        Object {
          "config": Object {
            "node.data": true,
            "node.ingest": true,
            "node.master": true,
            "node.store.allow_mmap": false,
            "xpack.security.enabled": true,
            "xpack.security.http.ssl.enabled": false,
          },
          "count": 1,
          "name": "default",
        },
      ],
      "version": "7.7.1",
    },
  },
]
`;
