// Jest Snapshot v1, https://goo.gl/fbAQLP

exports[`Placeholder Empty 1`] = `
Array [
  Object {
    "apiVersion": "rbac.authorization.k8s.io/v1",
    "kind": "ClusterRole",
    "metadata": Object {
      "labels": Object {
        "app.kubernetes.io/name": "alb-ingress-controller",
      },
      "name": "alb-ingress-controller",
    },
    "rules": Array [
      Object {
        "apiGroups": Array [
          "",
          "extensions",
        ],
        "resources": Array [
          "configmaps",
          "endpoints",
          "events",
          "ingresses",
          "ingresses/status",
          "services",
          "pods/status",
        ],
        "verbs": Array [
          "create",
          "get",
          "list",
          "update",
          "watch",
          "patch",
        ],
      },
      Object {
        "apiGroups": Array [
          "",
          "extensions",
        ],
        "resources": Array [
          "nodes",
          "pods",
          "secrets",
          "services",
          "namespaces",
        ],
        "verbs": Array [
          "get",
          "list",
          "watch",
        ],
      },
    ],
  },
  Object {
    "apiVersion": "rbac.authorization.k8s.io/v1",
    "kind": "ClusterRoleBinding",
    "metadata": Object {
      "labels": Object {
        "app.kubernetes.io/name": "alb-ingress-controller",
      },
      "name": "alb-ingress-controller",
    },
    "roleRef": Object {
      "apiGroup": "rbac.authorization.k8s.io",
      "kind": "ClusterRole",
      "name": "alb-ingress-controller",
    },
    "subjects": Array [
      Object {
        "kind": "ServiceAccount",
        "name": "alb-ingress-controller",
        "namespace": "kube-system",
      },
    ],
  },
  Object {
    "apiVersion": "v1",
    "kind": "ServiceAccount",
    "metadata": Object {
      "name": "alb-ingress-controller",
      "namespace": "kube-system",
    },
  },
  Object {
    "apiVersion": "apps/v1",
    "kind": "Deployment",
    "metadata": Object {
      "labels": Object {
        "app.kubernetes.io/name": "alb-ingress-controller",
      },
      "name": "alb-ingress-controller",
      "namespace": "kube-system",
    },
    "spec": Object {
      "replicas": 1,
      "selector": Object {
        "matchLabels": Object {
          "app.kubernetes.io/name": "alb-ingress-controller",
        },
      },
      "template": Object {
        "metadata": Object {
          "labels": Object {
            "app.kubernetes.io/name": "alb-ingress-controller",
          },
        },
        "spec": Object {
          "containers": Array [
            Object {
              "args": Array [
                "--ingress-class=alb",
                "--cluster-name=EKScluster",
              ],
              "image": "docker.io/amazon/aws-alb-ingress-controller:v1.1.9",
              "name": "alb-ingress-controller",
            },
          ],
          "serviceAccountName": "alb-ingress-controller",
        },
      },
    },
  },
]
`;
